[stats] growth report 2026-10-03
[stats]   total: 45 views  (+15 since last report)
[stats]       11 views  ·  Subscribe for more tips like this
[stats]        7 views  ·  The Thimble Windmill and the Sleepy Duskhollow — The Magic W
[stats]        7 views  ·  The Spider and the Sleepy Clock — The Bravest Part 🌙 #shorts
[13] script: Chemistry vs Compatibility (1182 words, hash 9185c66e7d)
  [voice] neural narration: 131 chunks (en-US-JennyNeural)
  [voice] polished: presence EQ + gentle compression
[13] narration: 580s, 131 caption chunks
[13] long video: 598s, 35.9MB
  [voice] neural narration: 11 chunks (en-US-JennyNeural)
  [voice] polished: presence EQ + gentle compression
  [short 1] 44s, 11 cards, 2.7MB
  [voice] neural narration: 12 chunks (en-US-JennyNeural)
  [voice] polished: presence EQ + gentle compression
  [short 2] 45s, 12 cards, 3.0MB
  [voice] neural narration: 11 chunks (en-US-JennyNeural)
  [voice] polished: presence EQ + gentle compression
  [short 3] 49s, 11 cards, 2.9MB
  [voice] neural narration: 14 chunks (en-US-JennyNeural)
  [voice] polished: presence EQ + gentle compression
  [short 4] 51s, 14 cards, 3.2MB
[13] thumbnail + 4 shorts ready
  [youtube] uploaded long: 57GaUcN6Xfo (publishAt 2026-10-03T20:00:00+03:00)
  [youtube] setting thumbnail thumbnail.png (35 KB) on 57GaUcN6Xfo
  [youtube] thumbnail set
  [youtube] short already on channel (aC8V7uEF1zA) — adopting, no re-upload
  [youtube] short already on channel (aC8V7uEF1zA) — adopting, no re-upload
  [youtube] short already on channel (aC8V7uEF1zA) — adopting, no re-upload
  [youtube] short already on channel (aC8V7uEF1zA) — adopting, no re-upload
[playlist] 1 long video(s) not in the playlist yet
[playlist] ep13 long added (57GaUcN6Xfo)
  ✓ episode 13: Chemistry vs Compatibility
combination space: 273,301,428,924,195,840 stories — the factory never repeats
